#
# A fatal error has been detected by the Java Runtime Environment:
#
#  EXCEPTION_ACCESS_VIOLATION (0xc0000005) at pc=0x00007fff21013004, pid=29068, tid=34220
#
# JRE version: OpenJDK Runtime Environment (24.0+36) (build 24+36-3646)
# Java VM: OpenJDK 64-Bit Server VM (24+36-3646, mixed mode, sharing, tiered, compressed oops, compressed class ptrs, g1 gc, windows-amd64)
# Problematic frame:
# C  [libasyncProfiler.dll+0x93004]
#
# No core dump will be written. Minidumps are not enabled by default on client versions of Windows
#
# JFR recording file will be written. Location: C:\Users\ASUS\IdeaProjects\AlmacenamientoInf\hs_err_pid29068.jfr
#
# If you would like to submit a bug report, please visit:
#   https://bugreport.java.com/bugreport/crash.jsp
# The crash happened outside the Java Virtual Machine in native code.
# See problematic frame for where to report the bug.
#

---------------  S U M M A R Y ------------

Command Line: -javaagent:C:\Users\ASUS\AppData\Local\JetBrains\IntelliJ IDEA 2024.3.5\lib\idea_rt.jar=63913 -Dfile.encoding=UTF-8 -Dsun.stdout.encoding=UTF-8 -Dsun.stderr.encoding=UTF-8 app.Main

Host: 12th Gen Intel(R) Core(TM) i5-12500H, 16 cores, 39G,  Windows 11 , 64 bit Build 26100 (10.0.26100.5074)
Time: Mon Oct 27 22:00:18 2025 Hora est. Pacífico, Sudamérica elapsed time: 43.063213 seconds (0d 0h 0m 43s)

---------------  T H R E A D  ---------------

Current thread (0x0000018eb9570090):  JavaThread "Attach Listener" daemon [_thread_in_native, id=34220, stack(0x00000077e8300000,0x00000077e8400000) (1024K)]

Stack: [0x00000077e8300000,0x00000077e8400000],  sp=0x00000077e83ff390,  free space=1020k
Native frames: (J=compiled Java code, j=interpreted, Vv=VM code, C=native code)
C  [libasyncProfiler.dll+0x93004]  (no source info available)
C  [libasyncProfiler.dll+0x934db]  (no source info available)
C  [libasyncProfiler.dll+0x92134]  (no source info available)
C  [libasyncProfiler.dll+0x929aa]  (no source info available)
C  [libasyncProfiler.dll+0x8d561]  (no source info available)
C  [libasyncProfiler.dll+0x7ef21]  (no source info available)
C  [libasyncProfiler.dll+0x7dc38]  (no source info available)
C  [libasyncProfiler.dll+0x7db20]  (no source info available)
C  [libasyncProfiler.dll+0x84af9]  (no source info available)
V  [jvm.dll+0x57f1b7]  (no source info available)
V  [jvm.dll+0x57ff2c]  (no source info available)
V  [jvm.dll+0x14c9b7]  (no source info available)
V  [jvm.dll+0x14df81]  (no source info available)
V  [jvm.dll+0x42f566]  (no source info available)
V  [jvm.dll+0x87d8fb]  (no source info available)
V  [jvm.dll+0x72efe5]  (no source info available)
C  [ucrtbase.dll+0x37b0]  (no source info available)
C  [KERNEL32.DLL+0x2e8d7]  (no source info available)
C  [ntdll.dll+0x8d9c]  (no source info available)


siginfo: EXCEPTION_ACCESS_VIOLATION (0xc0000005), reading address 0xffffffffffffffff


Registers:
RAX=0x0000000000000010, RBX=0x0000000000000000, RCX=0xffffffffffffffff, RDX=0x007fff14b92ff010
RSP=0x00000077e83ff390, RBP=0x0000018eb9704138, RSI=0x00000077e83ff500, RDI=0x0000018eb9704138
R8 =0x0000000000000042, R9 =0x00000005ac001ee8, R10=0x00007fff14e09fc0, R11=0x0000000000000002
R12=0x00000077e83ff500, R13=0x0000018eb968e2e0, R14=0x0000018eb9570458, R15=0x0000018eb9570458
RIP=0x00007fff21013004, EFLAGS=0x0000000000010202

XMM[0]=0x0000000000000000 0x0000000000000000
XMM[1]=0x0000000000000000 0x0000000000000000
XMM[2]=0x0000000000000000 0x0000000000000000
XMM[3]=0x0000000000000000 0x0000000000000000
XMM[4]=0x0000000000000000 0x0000000000000000
XMM[5]=0x0000000000000000 0x0000000000000000
XMM[6]=0x0000000000000000 0x0000000000000000
XMM[7]=0x0000000000000000 0x0000000000000000
XMM[8]=0x0000000000000000 0x0000000000000000
XMM[9]=0x0000000000000000 0x0000000000000000
XMM[10]=0x0000000000000000 0x0000000000000000
XMM[11]=0x0000000000000000 0x0000000000000000
XMM[12]=0x0000000000000000 0x0000000000000000
XMM[13]=0x0000000000000000 0x0000000000000000
XMM[14]=0x0000000000000000 0x0000000000000000
XMM[15]=0x0000000000000000 0x0000000000000000
  MXCSR=0x00001fa0


Register to memory mapping:

RAX=0x0000000000000010 is an unknown value
RBX=0x0 is null
RCX=0xffffffffffffffff is an unknown value
RDX=0x007fff14b92ff010 is an unknown value
RSP=0x00000077e83ff390 is pointing into the stack for thread: 0x0000018eb9570090
RBP=0x0000018eb9704138 points into unknown readable memory: 0x00000005ac001ee8 | e8 1e 00 ac 05 00 00 00
RSI=0x00000077e83ff500 is pointing into the stack for thread: 0x0000018eb9570090
RDI=0x0000018eb9704138 points into unknown readable memory: 0x00000005ac001ee8 | e8 1e 00 ac 05 00 00 00
R8 =0x0000000000000042 is an unknown value
R9 =0x00000005ac001ee8 is an oop: java.lang.Thread 
{0x00000005ac001ee8} - klass: 'java/lang/Thread' - flags: 

 - ---- fields (total size 14 words):
 - 'threadLocalRandomProbe' 'I' @12  0 (0x00000000)
 - private volatile 'eetop' 'J' @16  1711805778240 (0x0000018e8f934940)
 - private final 'tid' 'J' @24  3 (0x0000000000000003)
 - 'threadLocalRandomSeed' 'J' @32  0 (0x0000000000000000)
 - injected 'jvmti_thread_state' 'J' @40  1711544568992 (0x0000018e80018ca0)
 - 'threadLocalRandomSecondarySeed' 'I' @48  0 (0x00000000)
 - injected 'jvmti_VTMS_transition_disable_count' 'I' @52  0 (0x00000000)
 - injected 'jfr_epoch' 'S' @56  0 (0x0000)
 - volatile 'interrupted' 'Z' @58  false (0x00)
 - injected 'jvmti_is_in_VTMS_transition' 'Z' @59  false (0x00)
 - private volatile 'name' 'Ljava/lang/String;' @60  "main"{0x00000005ac001f58} (0xb58003eb)
 - private volatile 'contextClassLoader' 'Ljava/lang/ClassLoader;' @64  a 'jdk/internal/loader/ClassLoaders$AppClassLoader'{0x00000005ac0163e0} (0xb5802c7c)
 - private final 'holder' 'Ljava/lang/Thread$FieldHolder;' @68  a 'java/lang/Thread$FieldHolder'{0x00000005ac001f98} (0xb58003f3)
 - 'threadLocals' 'Ljava/lang/ThreadLocal$ThreadLocalMap;' @72  a 'java/lang/ThreadLocal$ThreadLocalMap'{0x00000005ac414ca8} (0xb5882995)
 - 'inheritableThreadLocals' 'Ljava/lang/ThreadLocal$ThreadLocalMap;' @76  null (0x00000000)
 - private 'scopedValueBindings' 'Ljava/lang/Object;' @80  a 'java/lang/Class'{0x00000007ff87c280} = 'java/lang/Thread' (0xfff0f850)
 - final 'interruptLock' 'Ljava/lang/Object;' @84  a 'java/lang/Object'{0x00000005ac001f88} (0xb58003f1)
 - private volatile 'parkBlocker' 'Ljava/lang/Object;' @88  null (0x00000000)
 - private 'nioBlocker' 'Lsun/nio/ch/Interruptible;' @92  null (0x00000000)
 - private 'cont' 'Ljdk/internal/vm/Continuation;' @96  null (0x00000000)
 - private volatile 'uncaughtExceptionHandler' 'Ljava/lang/Thread$UncaughtExceptionHandler;' @100  null (0x00000000)
 - private 'container' 'Ljdk/internal/vm/ThreadContainer;' @104  null (0x00000000)
 - private volatile 'headStackableScopes' 'Ljdk/internal/vm/StackableScope;' @108  null (0x00000000)
R10=0x00007fff14e09fc0 jvm.dll
R11=0x0000000000000002 is an unknown value
R12=0x00000077e83ff500 is pointing into the stack for thread: 0x0000018eb9570090
R13=0x0000018eb968e2e0 points into unknown readable memory: 0x00007fff14d7a510 | 10 a5 d7 14 ff 7f 00 00
R14=0x0000018eb9570458 points into unknown readable memory: 0x00007fff14d717b0 | b0 17 d7 14 ff 7f 00 00
R15=0x0000018eb9570458 points into unknown readable memory: 0x00007fff14d717b0 | b0 17 d7 14 ff 7f 00 00

Top of Stack: (sp=0x00000077e83ff390)
0x00000077e83ff390:   00000077e83ff500 0000018eb9704138   ..?.w...8Ap.....
0x00000077e83ff3a0:   0000000000000000 0000018eb89920a0   ......... ......
0x00000077e83ff3b0:   0000000000000026 00007fff210134db   &........4.!....
0x00000077e83ff3c0:   0000000000000000 0000018eb9570458   ........X.W.....
0x00000077e83ff3d0:   00000077e83ff501 0000000000000000   ..?.w...........
0x00000077e83ff3e0:   0000018eb9836750 00007fff21012134   Pg......4!.!....
0x00000077e83ff3f0:   0000000000000000 0000000000000026   ........&.......
0x00000077e83ff400:   0000000000000000 0000000000000026   ........&.......
0x00000077e83ff410:   0000000e00000003 0000018eff5d8010   ..........].....
0x00000077e83ff420:   0000018eb9836750 0000018eb98367e8   Pg.......g......
0x00000077e83ff430:   0000018eb98367f8 0000000000006298   .g.......b......
0x00000077e83ff440:   0000000000000000 0000000000000000   ................
0x00000077e83ff450:   0000000000000000 00007fff145d58e4   .........X].....
0x00000077e83ff460:   00007fff2116ae00 000000000000718c   ...!.....q......
0x00000077e83ff470:   00007fff2116ae00 00000000ffffffff   ...!............
0x00000077e83ff480:   0000000000000000 00007fff210129aa   .........).!....
0x00000077e83ff490:   0000018eb9570458 0000000000000000   X.W.............
0x00000077e83ff4a0:   00000077e83ff509 0000018eb968e2e0   ..?.w.....h.....
0x00000077e83ff4b0:   0000000000000004 0000000000000048   ........H.......
0x00000077e83ff4c0:   0000000800800310 0000000000000020   ........ .......
0x00000077e83ff4d0:   0000018eb9570458 00007fff2116ae00   X.W........!....
0x00000077e83ff4e0:   0000018e91cd4ec0 0000018e80018ca0   .N..............
0x00000077e83ff4f0:   0000000800800390 0000018eb9570458   ........X.W.....
0x00000077e83ff500:   0000018e81e2b500 0000018e81e2b9c0   ................
0x00000077e83ff510:   0000018e81e2b9c0 00007fff2116ae00   ...........!....
0x00000077e83ff520:   0000018eff581f58 00000077e83ff698   X.X.......?.w...
0x00000077e83ff530:   00000077e83ff7d0 0000000000008840   ..?.w...@.......
0x00000077e83ff540:   00000077e83ff9b0 00007fff2116ae50   ..?.w...P..!....
0x00000077e83ff550:   0000000000989680 0000000000989680   ................
0x00000077e83ff560:   00000077e83ff670 00007fff2100d561   p.?.w...a..!....
0x00000077e83ff570:   00007fff2116ae00 00007fff2116ae58   ...!....X..!....
0x00000077e83ff580:   00007fff00000000 00007fff00000001   ................

Instructions: (pc=0x00007fff21013004)
  0x00007fff21012f04:   cc cc cc cc cc cc cc cc cc cc cc cc cc cc cc cc
  0x00007fff21012f14:   cc cc cc cc cc cc cc cc cc cc cc cc cc cc cc cc
  0x00007fff21012f24:   cc cc cc cc cc cc cc cc cc cc cc cc cc cc cc cc
  0x00007fff21012f34:   cc cc cc cc cc cc cc cc cc cc cc cc cc cc cc cc
  0x00007fff21012f44:   cc cc cc cc cc cc cc cc cc cc cc cc cc cc cc cc
  0x00007fff21012f54:   cc cc cc cc cc cc cc cc cc cc cc cc cc cc cc cc
  0x00007fff21012f64:   cc cc cc cc cc cc cc cc cc cc cc cc cc cc cc cc
  0x00007fff21012f74:   cc cc cc cc cc cc cc cc cc cc cc cc cc cc cc cc
  0x00007fff21012f84:   cc cc cc cc cc cc cc cc cc cc cc cc 40 57 48 83
  0x00007fff21012f94:   ec 20 48 8b f9 48 8b 0d 30 80 15 00 48 85 c9 74
  0x00007fff21012fa4:   20 48 8b 01 48 8d 54 24 38 41 b8 06 00 01 00 4c
  0x00007fff21012fb4:   8b 48 30 41 ff d1 85 c0 75 07 48 8b 4c 24 38 eb
  0x00007fff21012fc4:   02 33 c9 4c 8b 05 0a 81 15 00 48 89 5c 24 30 4d
  0x00007fff21012fd4:   85 c0 74 4a 48 8b 01 48 8b d7 4c 8b 88 28 03 00
  0x00007fff21012fe4:   00 41 ff d1 48 85 c0 74 35 48 63 0d b8 3d 15 00
  0x00007fff21012ff4:   48 8b 14 01 48 85 d2 74 15 48 63 05 bc 3d 15 00
=>0x00007fff21013004:   8b 04 10 48 8b 5c 24 30 48 83 c4 20 5f c3 b8 ff
  0x00007fff21013014:   ff ff ff 48 8b 5c 24 30 48 83 c4 20 5f c3 80 3d
  0x00007fff21013024:   bb 7f 15 00 00 bb ff ff ff ff 74 20 4c 8b 0d 51
  0x00007fff21013034:   7c 15 00 4c 8d 44 24 38 48 8b 0d 35 7c 15 00 48
  0x00007fff21013044:   8b d7 41 ff d1 85 c0 0f 44 5c 24 38 8b c3 48 8b
  0x00007fff21013054:   5c 24 30 48 83 c4 20 5f c3 cc cc cc cc cc cc cc
  0x00007fff21013064:   cc cc cc cc cc cc cc cc cc cc cc cc cc cc cc cc
  0x00007fff21013074:   cc cc cc cc cc cc cc cc cc cc cc cc cc cc cc cc
  0x00007fff21013084:   cc cc cc cc cc cc cc cc cc cc cc cc 48 89 54 24
  0x00007fff21013094:   10 53 55 56 57 41 56 41 57 48 83 ec 28 48 8b f2
  0x00007fff210130a4:   4c 8b f1 48 89 4c 24 78 45 33 ff 44 89 7c 24 68
  0x00007fff210130b4:   c7 44 24 60 01 00 00 00 48 8d 4c 24 68 e8 69 3c
  0x00007fff210130c4:   f7 ff 8b d8 48 8d 4c 24 60 e8 5d 3c f7 ff 8b e8
  0x00007fff210130d4:   49 8b ce e8 33 f3 f6 ff 48 8b f8 90 8b c3 f0 0f
  0x00007fff210130e4:   b1 2f 74 04 f3 90 eb f4 4c 89 3e 4c 89 7e 08 4c
  0x00007fff210130f4:   89 7e 10 49 8b 6e 08 4d 8b 76 10 49 3b ee 0f 84


Stack slot to memory mapping:

stack at sp + 0 slots: 0x00000077e83ff500 is pointing into the stack for thread: 0x0000018eb9570090
stack at sp + 1 slots: 0x0000018eb9704138 points into unknown readable memory: 0x00000005ac001ee8 | e8 1e 00 ac 05 00 00 00
stack at sp + 2 slots: 0x0 is null
stack at sp + 3 slots: 0x0000018eb89920a0 points into unknown readable memory: 0x6e616c2e6176616a | 6a 61 76 61 2e 6c 61 6e
stack at sp + 4 slots: 0x0000000000000026 is an unknown value
stack at sp + 5 slots: 0x00007fff210134db libasyncProfiler.dll
stack at sp + 6 slots: 0x0 is null
stack at sp + 7 slots: 0x0000018eb9570458 points into unknown readable memory: 0x00007fff14d717b0 | b0 17 d7 14 ff 7f 00 00

Lock stack of current Java thread (top to bottom):


---------------  P R O C E S S  ---------------

Threads class SMR info:
_java_thread_list=0x0000018eff26b4e0, length=27, elements={
0x0000018e8f934940, 0x0000018eb8989590, 0x0000018eb8989ed0, 0x0000018eb898f1e0,
0x0000018eb9570090, 0x0000018eb95707d0, 0x0000018eb9570f10, 0x0000018eb8996380,
0x0000018eb89982c0, 0x0000018eb966baf0, 0x0000018eb9776ab0, 0x0000018eb97771f0,
0x0000018e80004b40, 0x0000018eff0da690, 0x0000018eff0dff80, 0x0000018eff0eda50,
0x0000018eb967e780, 0x0000018eb967fe30, 0x0000018eb974aa70, 0x0000018eb967ef10,
0x0000018eb96805c0, 0x0000018eb96814e0, 0x0000018eb9681c70, 0x0000018eb9680d50,
0x0000018e80154040, 0x0000018e80156610, 0x0000018eb974a320
}

Java Threads: ( => current thread )
  0x0000018e8f934940 JavaThread "main"                              [_thread_in_native, id=19224, stack(0x00000077e7800000,0x00000077e7900000) (1024K)]
  0x0000018eb8989590 JavaThread "Reference Handler"          daemon [_thread_blocked, id=34108, stack(0x00000077e8000000,0x00000077e8100000) (1024K)]
  0x0000018eb8989ed0 JavaThread "Finalizer"                  daemon [_thread_blocked, id=5256, stack(0x00000077e8100000,0x00000077e8200000) (1024K)]
  0x0000018eb898f1e0 JavaThread "Signal Dispatcher"          daemon [_thread_blocked, id=8792, stack(0x00000077e8200000,0x00000077e8300000) (1024K)]
=>0x0000018eb9570090 JavaThread "Attach Listener"            daemon [_thread_in_native, id=34220, stack(0x00000077e8300000,0x00000077e8400000) (1024K)]
  0x0000018eb95707d0 JavaThread "Service Thread"             daemon [_thread_blocked, id=35284, stack(0x00000077e8400000,0x00000077e8500000) (1024K)]
  0x0000018eb9570f10 JavaThread "Monitor Deflation Thread"   daemon [_thread_blocked, id=26292, stack(0x00000077e8500000,0x00000077e8600000) (1024K)]
  0x0000018eb8996380 JavaThread "C2 CompilerThread0"         daemon [_thread_in_native, id=26032, stack(0x00000077e8600000,0x00000077e8700000) (1024K)]
  0x0000018eb89982c0 JavaThread "C1 CompilerThread0"         daemon [_thread_blocked, id=28988, stack(0x00000077e8700000,0x00000077e8800000) (1024K)]
  0x0000018eb966baf0 JavaThread "Common-Cleaner"             daemon [_thread_blocked, id=29160, stack(0x00000077e8800000,0x00000077e8900000) (1024K)]
  0x0000018eb9776ab0 JavaThread "Monitor Ctrl-Break"         daemon [_thread_in_native, id=26160, stack(0x00000077e8c00000,0x00000077e8d00000) (1024K)]
  0x0000018eb97771f0 JavaThread "Notification Thread"        daemon [_thread_blocked, id=33720, stack(0x00000077e8d00000,0x00000077e8e00000) (1024K)]
  0x0000018e80004b40 JavaThread "RMI TCP Accept-0"           daemon [_thread_in_native, id=24920, stack(0x00000077e9200000,0x00000077e9300000) (1024K)]
  0x0000018eff0da690 JavaThread "RMI TCP Connection(1)-192.168.11.10" daemon [_thread_in_native, id=9732, stack(0x00000077e9300000,0x00000077e9400000) (1024K)]
  0x0000018eff0dff80 JavaThread "RMI Scheduler(0)"           daemon [_thread_blocked, id=24248, stack(0x00000077e9400000,0x00000077e9500000) (1024K)]
  0x0000018eff0eda50 JavaThread "JMX server connection timeout 40" daemon [_thread_blocked, id=33656, stack(0x00000077e9500000,0x00000077e9600000) (1024K)]
  0x0000018eb967e780 JavaThread "C2 CompilerThread1"         daemon [_thread_blocked, id=7744, stack(0x00000077e8900000,0x00000077e8a00000) (1024K)]
  0x0000018eb967fe30 JavaThread "C2 CompilerThread2"         daemon [_thread_blocked, id=32812, stack(0x00000077e8a00000,0x00000077e8b00000) (1024K)]
  0x0000018eb974aa70 JavaThread "JFR Recorder Thread"        daemon [_thread_in_native, id=14320, stack(0x00000077e8b00000,0x00000077e8c00000) (1024K)]
  0x0000018eb967ef10 JavaThread "C1 CompilerThread1"         daemon [_thread_blocked, id=22472, stack(0x00000077e8e00000,0x00000077e8f00000) (1024K)]
  0x0000018eb96805c0 JavaThread "C1 CompilerThread2"         daemon [_thread_blocked, id=33764, stack(0x00000077e8f00000,0x00000077e9000000) (1024K)]
  0x0000018eb96814e0 JavaThread "C1 CompilerThread3"         daemon [_thread_blocked, id=29148, stack(0x00000077e9000000,0x00000077e9100000) (1024K)]
  0x0000018eb9681c70 JavaThread "C2 CompilerThread3"         daemon [_thread_blocked, id=23728, stack(0x00000077e9100000,0x00000077e9200000) (1024K)]
  0x0000018eb9680d50 JavaThread "C2 CompilerThread4"         daemon [_thread_blocked, id=16892, stack(0x00000077e9600000,0x00000077e9700000) (1024K)]
  0x0000018e80154040 JavaThread "C2 CompilerThread5"         daemon [_thread_blocked, id=15068, stack(0x00000077e9700000,0x00000077e9800000) (1024K)]
  0x0000018e80156610 JavaThread "C2 CompilerThread6"         daemon [_thread_blocked, id=23128, stack(0x00000077e9800000,0x00000077e9900000) (1024K)]
  0x0000018eb974a320 JavaThread "JFR Periodic Tasks"         daemon [_thread_blocked, id=25240, stack(0x00000077e9900000,0x00000077e9a00000) (1024K)]
Total: 27

Other Threads:
  0x0000018eb897a310 VMThread "VM Thread"                           [id=20280, stack(0x00000077e7f00000,0x00000077e8000000) (1024K)]
  0x0000018eb88443c0 WatcherThread "VM Periodic Task Thread"        [id=35504, stack(0x00000077e7e00000,0x00000077e7f00000) (1024K)]
  0x0000018e91cb78e0 WorkerThread "GC Thread#0"                     [id=22388, stack(0x00000077e7900000,0x00000077e7a00000) (1024K)]
  0x0000018e91cc53c0 ConcurrentGCThread "G1 Main Marker"            [id=7776, stack(0x00000077e7a00000,0x00000077e7b00000) (1024K)]
  0x0000018e91cc6d20 WorkerThread "G1 Conc#0"                       [id=11084, stack(0x00000077e7b00000,0x00000077e7c00000) (1024K)]
  0x0000018eb8832f00 ConcurrentGCThread "G1 Refine#0"               [id=6680, stack(0x00000077e7c00000,0x00000077e7d00000) (1024K)]
  0x0000018eb8834350 ConcurrentGCThread "G1 Service"                [id=14952, stack(0x00000077e7d00000,0x00000077e7e00000) (1024K)]
Total: 7

Threads with active compile tasks:
C2 CompilerThread0  43474 2218       4       jdk.jfr.internal.MetadataWriter::write (168 bytes)
Total: 1

VM state: not at safepoint (normal execution)

VM Mutex/Monitor currently owned by a thread: None

Heap address: 0x0000000584800000, size: 10168 MB, Compressed Oops mode: Zero based, Oop shift amount: 3

CDS archive(s) mapped at: [0x0000018eba000000-0x0000018ebad40000-0x0000018ebad40000), size 13893632, SharedBaseAddress: 0x0000018eba000000, ArchiveRelocationMode: 1.
Compressed class space mapped at: 0x0000018ebb000000-0x0000018efb000000, reserved size: 1073741824
UseCompressedClassPointers 1, UseCompactObjectHeaders 0
Narrow klass pointer bits 32, Max shift 3
Narrow klass base: 0x0000018eba000000, Narrow klass shift: 0
Encoding Range: [0x0000018eba000000 - 0x0000018fba000000), (4294967296 bytes)
Klass Range:    [0x0000018eba000000 - 0x0000018efb000000), (1090519040 bytes)
Klass ID Range:  [8 - 1090519033) (1090519025)

GC Precious Log:
 CardTable entry size: 512
 Card Set container configuration: InlinePtr #cards 4 size 8 Array Of Cards #cards 64 size 144 Howl #buckets 8 coarsen threshold 14745 Howl Bitmap #cards 2048 size 272 coarsen threshold 1843 Card regions per heap region 1 cards per card region 16384
 CPUs: 16 total, 16 available
 Memory: 40653M
 Large Page Support: Disabled
 NUMA Support: Disabled
 Compressed Oops: Enabled (Zero based)
 Heap Region Size: 8M
 Heap Min Capacity: 8M
 Heap Initial Capacity: 640M
 Heap Max Capacity: 10168M
 Pre-touch: Disabled
 Parallel Workers: 13
 Concurrent Workers: 3
 Concurrent Refinement Workers: 13
 Periodic GC: Disabled

Heap:
 garbage-first heap   total reserved 10412032K, committed 663552K, used 33904K [0x0000000584800000, 0x0000000800000000)
  region size 8192K, 5 young (40960K), 0 survivors (0K)
 Metaspace       used 8183K, committed 8384K, reserved 1114112K
  class space    used 742K, committed 832K, reserved 1048576K

Heap Regions: E=young(eden), S=young(survivor), O=old, HS=humongous(starts), HC=humongous(continues), CS=collection set, F=free, TAMS=top-at-mark-start, PB=parsable bottom
|   0|0x0000000584800000, 0x0000000584800000, 0x0000000585000000|  0%| F|  |TAMS 0x0000000584800000| PB 0x0000000584800000| Untracked |  0
|   1|0x0000000585000000, 0x0000000585000000, 0x0000000585800000|  0%| F|  |TAMS 0x0000000585000000| PB 0x0000000585000000| Untracked |  0
|   2|0x0000000585800000, 0x0000000585800000, 0x0000000586000000|  0%| F|  |TAMS 0x0000000585800000| PB 0x0000000585800000| Untracked |  0
|   3|0x0000000586000000, 0x0000000586000000, 0x0000000586800000|  0%| F|  |TAMS 0x0000000586000000| PB 0x0000000586000000| Untracked |  0
|   4|0x0000000586800000, 0x0000000586800000, 0x0000000587000000|  0%| F|  |TAMS 0x0000000586800000| PB 0x0000000586800000| Untracked |  0
|   5|0x0000000587000000, 0x0000000587000000, 0x0000000587800000|  0%| F|  |TAMS 0x0000000587000000| PB 0x0000000587000000| Untracked |  0
|   6|0x0000000587800000, 0x0000000587800000, 0x0000000588000000|  0%| F|  |TAMS 0x0000000587800000| PB 0x0000000587800000| Untracked |  0
|   7|0x0000000588000000, 0x0000000588000000, 0x0000000588800000|  0%| F|  |TAMS 0x0000000588000000| PB 0x0000000588000000| Untracked |  0
|   8|0x0000000588800000, 0x0000000588800000, 0x0000000589000000|  0%| F|  |TAMS 0x0000000588800000| PB 0x0000000588800000| Untracked |  0
|   9|0x0000000589000000, 0x0000000589000000, 0x0000000589800000|  0%| F|  |TAMS 0x0000000589000000| PB 0x0000000589000000| Untracked |  0
|  10|0x0000000589800000, 0x0000000589800000, 0x000000058a000000|  0%| F|  |TAMS 0x0000000589800000| PB 0x0000000589800000| Untracked |  0
|  11|0x000000058a000000, 0x000000058a000000, 0x000000058a800000|  0%| F|  |TAMS 0x000000058a000000| PB 0x000000058a000000| Untracked |  0
|  12|0x000000058a800000, 0x000000058a800000, 0x000000058b000000|  0%| F|  |TAMS 0x000000058a800000| PB 0x000000058a800000| Untracked |  0
|  13|0x000000058b000000, 0x000000058b000000, 0x000000058b800000|  0%| F|  |TAMS 0x000000058b000000| PB 0x000000058b000000| Untracked |  0
|  14|0x000000058b800000, 0x000000058b800000, 0x000000058c000000|  0%| F|  |TAMS 0x000000058b800000| PB 0x000000058b800000| Untracked |  0
|  15|0x000000058c000000, 0x000000058c000000, 0x000000058c800000|  0%| F|  |TAMS 0x000000058c000000| PB 0x000000058c000000| Untracked |  0
|  16|0x000000058c800000, 0x000000058c800000, 0x000000058d000000|  0%| F|  |TAMS 0x000000058c800000| PB 0x000000058c800000| Untracked |  0
|  17|0x000000058d000000, 0x000000058d000000, 0x000000058d800000|  0%| F|  |TAMS 0x000000058d000000| PB 0x000000058d000000| Untracked |  0
|  18|0x000000058d800000, 0x000000058d800000, 0x000000058e000000|  0%| F|  |TAMS 0x000000058d800000| PB 0x000000058d800000| Untracked |  0
|  19|0x000000058e000000, 0x000000058e000000, 0x000000058e800000|  0%| F|  |TAMS 0x000000058e000000| PB 0x000000058e000000| Untracked |  0
|  20|0x000000058e800000, 0x000000058e800000, 0x000000058f000000|  0%| F|  |TAMS 0x000000058e800000| PB 0x000000058e800000| Untracked |  0
|  21|0x000000058f000000, 0x000000058f000000, 0x000000058f800000|  0%| F|  |TAMS 0x000000058f000000| PB 0x000000058f000000| Untracked |  0
|  22|0x000000058f800000, 0x000000058f800000, 0x0000000590000000|  0%| F|  |TAMS 0x000000058f800000| PB 0x000000058f800000| Untracked |  0
|  23|0x0000000590000000, 0x0000000590000000, 0x0000000590800000|  0%| F|  |TAMS 0x0000000590000000| PB 0x0000000590000000| Untracked |  0
|  24|0x0000000590800000, 0x0000000590800000, 0x0000000591000000|  0%| F|  |TAMS 0x0000000590800000| PB 0x0000000590800000| Untracked |  0
|  25|0x0000000591000000, 0x0000000591000000, 0x0000000591800000|  0%| F|  |TAMS 0x0000000591000000| PB 0x0000000591000000| Untracked |  0
|  26|0x0000000591800000, 0x0000000591800000, 0x0000000592000000|  0%| F|  |TAMS 0x0000000591800000| PB 0x0000000591800000| Untracked |  0
|  27|0x0000000592000000, 0x0000000592000000, 0x0000000592800000|  0%| F|  |TAMS 0x0000000592000000| PB 0x0000000592000000| Untracked |  0
|  28|0x0000000592800000, 0x0000000592800000, 0x0000000593000000|  0%| F|  |TAMS 0x0000000592800000| PB 0x0000000592800000| Untracked |  0
|  29|0x0000000593000000, 0x0000000593000000, 0x0000000593800000|  0%| F|  |TAMS 0x0000000593000000| PB 0x0000000593000000| Untracked |  0
|  30|0x0000000593800000, 0x0000000593800000, 0x0000000594000000|  0%| F|  |TAMS 0x0000000593800000| PB 0x0000000593800000| Untracked |  0
|  31|0x0000000594000000, 0x0000000594000000, 0x0000000594800000|  0%| F|  |TAMS 0x0000000594000000| PB 0x0000000594000000| Untracked |  0
|  32|0x0000000594800000, 0x0000000594800000, 0x0000000595000000|  0%| F|  |TAMS 0x0000000594800000| PB 0x0000000594800000| Untracked |  0
|  33|0x0000000595000000, 0x0000000595000000, 0x0000000595800000|  0%| F|  |TAMS 0x0000000595000000| PB 0x0000000595000000| Untracked |  0
|  34|0x0000000595800000, 0x0000000595800000, 0x0000000596000000|  0%| F|  |TAMS 0x0000000595800000| PB 0x0000000595800000| Untracked |  0
|  35|0x0000000596000000, 0x0000000596000000, 0x0000000596800000|  0%| F|  |TAMS 0x0000000596000000| PB 0x0000000596000000| Untracked |  0
|  36|0x0000000596800000, 0x0000000596800000, 0x0000000597000000|  0%| F|  |TAMS 0x0000000596800000| PB 0x0000000596800000| Untracked |  0
|  37|0x0000000597000000, 0x0000000597000000, 0x0000000597800000|  0%| F|  |TAMS 0x0000000597000000| PB 0x0000000597000000| Untracked |  0
|  38|0x0000000597800000, 0x0000000597800000, 0x0000000598000000|  0%| F|  |TAMS 0x0000000597800000| PB 0x0000000597800000| Untracked |  0
|  39|0x0000000598000000, 0x0000000598000000, 0x0000000598800000|  0%| F|  |TAMS 0x0000000598000000| PB 0x0000000598000000| Untracked |  0
|  40|0x0000000598800000, 0x0000000598800000, 0x0000000599000000|  0%| F|  |TAMS 0x0000000598800000| PB 0x0000000598800000| Untracked |  0
|  41|0x0000000599000000, 0x0000000599000000, 0x0000000599800000|  0%| F|  |TAMS 0x0000000599000000| PB 0x0000000599000000| Untracked |  0
|  42|0x0000000599800000, 0x0000000599800000, 0x000000059a000000|  0%| F|  |TAMS 0x0000000599800000| PB 0x0000000599800000| Untracked |  0
|  43|0x000000059a000000, 0x000000059a000000, 0x000000059a800000|  0%| F|  |TAMS 0x000000059a000000| PB 0x000000059a000000| Untracked |  0
|  44|0x000000059a800000, 0x000000059a800000, 0x000000059b000000|  0%| F|  |TAMS 0x000000059a800000| PB 0x000000059a800000| Untracked |  0
|  45|0x000000059b000000, 0x000000059b000000, 0x000000059b800000|  0%| F|  |TAMS 0x000000059b000000| PB 0x000000059b000000| Untracked |  0
|  46|0x000000059b800000, 0x000000059b800000, 0x000000059c000000|  0%| F|  |TAMS 0x000000059b800000| PB 0x000000059b800000| Untracked |  0
|  47|0x000000059c000000, 0x000000059c000000, 0x000000059c800000|  0%| F|  |TAMS 0x000000059c000000| PB 0x000000059c000000| Untracked |  0
|  48|0x000000059c800000, 0x000000059c800000, 0x000000059d000000|  0%| F|  |TAMS 0x000000059c800000| PB 0x000000059c800000| Untracked |  0
|  49|0x000000059d000000, 0x000000059d000000, 0x000000059d800000|  0%| F|  |TAMS 0x000000059d000000| PB 0x000000059d000000| Untracked |  0
|  50|0x000000059d800000, 0x000000059d800000, 0x000000059e000000|  0%| F|  |TAMS 0x000000059d800000| PB 0x000000059d800000| Untracked |  0
|  51|0x000000059e000000, 0x000000059e000000, 0x000000059e800000|  0%| F|  |TAMS 0x000000059e000000| PB 0x000000059e000000| Untracked |  0
|  52|0x000000059e800000, 0x000000059e800000, 0x000000059f000000|  0%| F|  |TAMS 0x000000059e800000| PB 0x000000059e800000| Untracked |  0
|  53|0x000000059f000000, 0x000000059f000000, 0x000000059f800000|  0%| F|  |TAMS 0x000000059f000000| PB 0x000000059f000000| Untracked |  0
|  54|0x000000059f800000, 0x000000059f800000, 0x00000005a0000000|  0%| F|  |TAMS 0x000000059f800000| PB 0x000000059f800000| Untracked |  0
|  55|0x00000005a0000000, 0x00000005a0000000, 0x00000005a0800000|  0%| F|  |TAMS 0x00000005a0000000| PB 0x00000005a0000000| Untracked |  0
|  56|0x00000005a0800000, 0x00000005a0800000, 0x00000005a1000000|  0%| F|  |TAMS 0x00000005a0800000| PB 0x00000005a0800000| Untracked |  0
|  57|0x00000005a1000000, 0x00000005a1000000, 0x00000005a1800000|  0%| F|  |TAMS 0x00000005a1000000| PB 0x00000005a1000000| Untracked |  0
|  58|0x00000005a1800000, 0x00000005a1800000, 0x00000005a2000000|  0%| F|  |TAMS 0x00000005a1800000| PB 0x00000005a1800000| Untracked |  0
|  59|0x00000005a2000000, 0x00000005a2000000, 0x00000005a2800000|  0%| F|  |TAMS 0x00000005a2000000| PB 0x00000005a2000000| Untracked |  0
|  60|0x00000005a2800000, 0x00000005a2800000, 0x00000005a3000000|  0%| F|  |TAMS 0x00000005a2800000| PB 0x00000005a2800000| Untracked |  0
|  61|0x00000005a3000000, 0x00000005a3000000, 0x00000005a3800000|  0%| F|  |TAMS 0x00000005a3000000| PB 0x00000005a3000000| Untracked |  0
|  62|0x00000005a3800000, 0x00000005a3800000, 0x00000005a4000000|  0%| F|  |TAMS 0x00000005a3800000| PB 0x00000005a3800000| Untracked |  0
|  63|0x00000005a4000000, 0x00000005a4000000, 0x00000005a4800000|  0%| F|  |TAMS 0x00000005a4000000| PB 0x00000005a4000000| Untracked |  0
|  64|0x00000005a4800000, 0x00000005a4800000, 0x00000005a5000000|  0%| F|  |TAMS 0x00000005a4800000| PB 0x00000005a4800000| Untracked |  0
|  65|0x00000005a5000000, 0x00000005a5000000, 0x00000005a5800000|  0%| F|  |TAMS 0x00000005a5000000| PB 0x00000005a5000000| Untracked |  0
|  66|0x00000005a5800000, 0x00000005a5800000, 0x00000005a6000000|  0%| F|  |TAMS 0x00000005a5800000| PB 0x00000005a5800000| Untracked |  0
|  67|0x00000005a6000000, 0x00000005a6000000, 0x00000005a6800000|  0%| F|  |TAMS 0x00000005a6000000| PB 0x00000005a6000000| Untracked |  0
|  68|0x00000005a6800000, 0x00000005a6800000, 0x00000005a7000000|  0%| F|  |TAMS 0x00000005a6800000| PB 0x00000005a6800000| Untracked |  0
|  69|0x00000005a7000000, 0x00000005a7000000, 0x00000005a7800000|  0%| F|  |TAMS 0x00000005a7000000| PB 0x00000005a7000000| Untracked |  0
|  70|0x00000005a7800000, 0x00000005a7800000, 0x00000005a8000000|  0%| F|  |TAMS 0x00000005a7800000| PB 0x00000005a7800000| Untracked |  0
|  71|0x00000005a8000000, 0x00000005a8000000, 0x00000005a8800000|  0%| F|  |TAMS 0x00000005a8000000| PB 0x00000005a8000000| Untracked |  0
|  72|0x00000005a8800000, 0x00000005a8800000, 0x00000005a9000000|  0%| F|  |TAMS 0x00000005a8800000| PB 0x00000005a8800000| Untracked |  0
|  73|0x00000005a9000000, 0x00000005a9000000, 0x00000005a9800000|  0%| F|  |TAMS 0x00000005a9000000| PB 0x00000005a9000000| Untracked |  0
|  74|0x00000005a9800000, 0x00000005a9800000, 0x00000005aa000000|  0%| F|  |TAMS 0x00000005a9800000| PB 0x00000005a9800000| Untracked |  0
|  75|0x00000005aa000000, 0x00000005aa5edaa0, 0x00000005aa800000| 74%| E|  |TAMS 0x00000005aa000000| PB 0x00000005aa000000| Complete |  0
|  76|0x00000005aa800000, 0x00000005ab000000, 0x00000005ab000000|100%| E|CS|TAMS 0x00000005aa800000| PB 0x00000005aa800000| Complete |  0
|  77|0x00000005ab000000, 0x00000005ab800000, 0x00000005ab800000|100%| E|CS|TAMS 0x00000005ab000000| PB 0x00000005ab000000| Complete |  0
|  78|0x00000005ab800000, 0x00000005ac000000, 0x00000005ac000000|100%| E|CS|TAMS 0x00000005ab800000| PB 0x00000005ab800000| Complete |  0
|  79|0x00000005ac000000, 0x00000005ac800000, 0x00000005ac800000|100%| E|CS|TAMS 0x00000005ac000000| PB 0x00000005ac000000| Complete |  0
|1270|0x00000007ff800000, 0x00000007ff91c348, 0x0000000800000000| 13%| O|  |TAMS 0x00000007ff800000| PB 0x00000007ff800000| Untracked |  0

Card table byte_map: [0x0000018eab240000,0x0000018eac620000] _byte_map_base: 0x0000018ea861c000

Marking Bits: (CMBitMap*) 0x0000018e91cb8400
 Bits: [0x0000018eac620000, 0x0000018eb6500000)

Polling page: 0x0000018e8faa0000

Metaspace:

Usage:
  Non-class:      7.27 MB used.
      Class:    742.84 KB used.
       Both:      7.99 MB used.

Virtual space:
  Non-class space:       64.00 MB reserved,       7.38 MB ( 12%) committed,  1 nodes.
      Class space:        1.00 GB reserved,     832.00 KB ( <1%) committed,  1 nodes.
             Both:        1.06 GB reserved,       8.19 MB ( <1%) committed. 

Chunk freelists:
   Non-Class:  8.47 MB
       Class:  15.19 MB
        Both:  23.66 MB

MaxMetaspaceSize: unlimited
CompressedClassSpaceSize: 1.00 GB
Initial GC threshold: 21.00 MB
Current GC threshold: 21.00 MB
CDS: on
 - commit_granule_bytes: 65536.
 - commit_granule_words: 8192.
 - virtual_space_node_default_size: 8388608.
 - enlarge_chunks_in_place: 1.
UseCompressedClassPointers 1, UseCompactObjectHeaders 0
Narrow klass pointer bits 32, Max shift 3
Narrow klass base: 0x0000018eba000000, Narrow klass shift: 0
Encoding Range: [0x0000018eba000000 - 0x0000018fba000000), (4294967296 bytes)
Klass Range:    [0x0000018eba000000 - 0x0000018efb000000), (1090519040 bytes)
Klass ID Range:  [8 - 1090519033) (1090519025)


Internal statistics:

num_allocs_failed_limit: 0.
num_arena_births: 192.
num_arena_deaths: 0.
num_vsnodes_births: 2.
num_vsnodes_deaths: 0.
num_space_committed: 131.
num_space_uncommitted: 0.
num_chunks_returned_to_freelist: 0.
num_chunks_taken_from_freelist: 270.
num_chunk_merges: 0.
num_chunk_splits: 154.
num_chunks_enlarged: 47.
num_inconsistent_stats: 0.

CodeHeap 'non-profiled nmethods': size=119232Kb used=646Kb max_used=646Kb free=118586Kb
 bounds [0x0000018ea2050000, 0x0000018ea22c0000, 0x0000018ea94c0000]
CodeHeap 'profiled nmethods': size=119104Kb used=3444Kb max_used=3444Kb free=115659Kb
 bounds [0x0000018e9a4c0000, 0x0000018e9a820000, 0x0000018ea1910000]
CodeHeap 'non-nmethods': size=7424Kb used=3029Kb max_used=3081Kb free=4394Kb
 bounds [0x0000018ea1910000, 0x0000018ea1c20000, 0x0000018ea2050000]
CodeCache: size=245760Kb, used=7119Kb, max_used=7171Kb, free=238639Kb
 total_blobs=2751, nmethods=2242, adapters=411, full_count=0
Compilation: enabled, stopped_count=0, restarted_count=0

Compilation events (20 events):
Event: 42.811 Thread 0x0000018eb967ef10 nmethod 2239 0x0000018ea20ede08 code [0x0000018ea20edf00, 0x0000018ea20edfc8]
Event: 42.811 Thread 0x0000018eb96805c0 nmethod 2233 0x0000018e9a81ad08 code [0x0000018e9a81ae20, 0x0000018e9a81af68]
Event: 42.811 Thread 0x0000018eb89982c0 2237       1       jdk.jfr.internal.EventControl::getSettingsId (5 bytes)
Event: 42.812 Thread 0x0000018eb96814e0 nmethod 2236 0x0000018ea20ee108 code [0x0000018ea20ee200, 0x0000018ea20ee2c8]
Event: 42.812 Thread 0x0000018eb967ef10 2238       1       jdk.jfr.internal.EventControl::getNamedControls (5 bytes)
Event: 42.812 Thread 0x0000018eb96805c0 2240   !   3       jdk.jfr.internal.Control::setValue (102 bytes)
Event: 42.813 Thread 0x0000018eb89982c0 nmethod 2237 0x0000018ea20ee408 code [0x0000018ea20ee500, 0x0000018ea20ee5c8]
Event: 42.813 Thread 0x0000018eb967ef10 nmethod 2238 0x0000018ea20ee708 code [0x0000018ea20ee800, 0x0000018ea20ee8c8]
Event: 42.817 Thread 0x0000018eb96805c0 nmethod 2240 0x0000018e9a81b008 code [0x0000018e9a81b2a0, 0x0000018e9a81c6f8]
Event: 42.822 Thread 0x0000018eb89982c0 2241       1       jdk.jfr.internal.periodic.EventTask::getEventType (5 bytes)
Event: 42.823 Thread 0x0000018eb96805c0 2242       1       jdk.jfr.internal.periodic.PeriodicTask::getPeriod (5 bytes)
Event: 42.823 Thread 0x0000018eb96814e0 2243       3       java.util.Comparator$$Lambda/0x0000018ebb0a5538::compare (10 bytes)
Event: 42.823 Thread 0x0000018eb967ef10 2244       3       java.util.Comparator::lambda$comparingLong$6043328a$1 (18 bytes)
Event: 42.823 Thread 0x0000018eb89982c0 nmethod 2241 0x0000018ea20eea08 code [0x0000018ea20eeb00, 0x0000018ea20eebc8]
Event: 42.824 Thread 0x0000018eb96805c0 nmethod 2242 0x0000018ea20eed08 code [0x0000018ea20eee00, 0x0000018ea20eeec8]
Event: 42.825 Thread 0x0000018eb96814e0 nmethod 2243 0x0000018e9a81c788 code [0x0000018e9a81c8e0, 0x0000018e9a81cd58]
Event: 42.825 Thread 0x0000018eb967ef10 nmethod 2244 0x0000018e9a81cd88 code [0x0000018e9a81cee0, 0x0000018e9a81d2c0]
Event: 42.825 Thread 0x0000018eb9680d50 nmethod 2217 0x0000018ea20ef008 code [0x0000018ea20ef140, 0x0000018ea20ef6d0]
Event: 42.835 Thread 0x0000018eb967e780 nmethod 2226 0x0000018ea20ef708 code [0x0000018ea20ef820, 0x0000018ea20efd20]
Event: 42.836 Thread 0x0000018eb967fe30 nmethod 2214 0x0000018ea20efd88 code [0x0000018ea20eff80, 0x0000018ea20f1760]

GC Heap History (0 events):
No events

Dll operation events (12 events):
Event: 0.018 Loaded shared library C:\Users\ASUS\.jdks\openjdk-24\bin\java.dll
Event: 0.060 Loaded shared library C:\Users\ASUS\.jdks\openjdk-24\bin\jsvml.dll
Event: 0.109 Loaded shared library C:\Users\ASUS\.jdks\openjdk-24\bin\zip.dll
Event: 0.114 Loaded shared library C:\Users\ASUS\.jdks\openjdk-24\bin\instrument.dll
Event: 0.120 Loaded shared library C:\Users\ASUS\.jdks\openjdk-24\bin\net.dll
Event: 0.123 Loaded shared library C:\Users\ASUS\.jdks\openjdk-24\bin\nio.dll
Event: 0.129 Loaded shared library C:\Users\ASUS\.jdks\openjdk-24\bin\zip.dll
Event: 0.166 Loaded shared library C:\Users\ASUS\.jdks\openjdk-24\bin\extnet.dll
Event: 0.211 Loaded shared library C:\Users\ASUS\.jdks\openjdk-24\bin\jimage.dll
Event: 0.304 Loaded shared library C:\Users\ASUS\.jdks\openjdk-24\bin\management.dll
Event: 0.320 Loaded shared library C:\Users\ASUS\.jdks\openjdk-24\bin\management_ext.dll
Event: 42.133 Loaded shared library C:\Users\ASUS\AppData\Local\Temp\idea_libasyncProfiler_dll_temp_folder\libasyncProfiler.dll

Deoptimization events (20 events):
Event: 42.195 Thread 0x0000018eb9570090 Uncommon trap: trap_request=0xffffff4d fr.pc=0x0000018ea207d7ac relative=0x0000000000000a2c
Event: 42.195 Thread 0x0000018eb9570090 Uncommon trap: reason=unstable_if action=reinterpret pc=0x0000018ea207d7ac method=java.util.HashMap.hash(Ljava/lang/Object;)I @ 1 c2
Event: 42.195 Thread 0x0000018eb9570090 DEOPT PACKING pc=0x0000018ea207d7ac sp=0x00000077e83fd4a0
Event: 42.196 Thread 0x0000018eb9570090 DEOPT UNPACKING pc=0x0000018ea1a25882 sp=0x00000077e83fd420 mode 2
Event: 42.196 Thread 0x0000018eb9570090 Uncommon trap: trap_request=0xffffff4d fr.pc=0x0000018ea2079f28 relative=0x00000000000000a8
Event: 42.196 Thread 0x0000018eb9570090 Uncommon trap: reason=unstable_if action=reinterpret pc=0x0000018ea2079f28 method=java.util.HashMap.hash(Ljava/lang/Object;)I @ 1 c2
Event: 42.196 Thread 0x0000018eb9570090 DEOPT PACKING pc=0x0000018ea2079f28 sp=0x00000077e83fd480
Event: 42.196 Thread 0x0000018eb9570090 DEOPT UNPACKING pc=0x0000018ea1a25882 sp=0x00000077e83fd418 mode 2
Event: 42.565 Thread 0x0000018eb9570090 Uncommon trap: trap_request=0xffffff4d fr.pc=0x0000018ea20d8160 relative=0x00000000000000c0
Event: 42.565 Thread 0x0000018eb9570090 Uncommon trap: reason=unstable_if action=reinterpret pc=0x0000018ea20d8160 method=jdk.jfr.internal.Type.getKnownType(Ljava/lang/Class;)Ljdk/jfr/internal/Type; @ 47 c2
Event: 42.565 Thread 0x0000018eb9570090 DEOPT PACKING pc=0x0000018ea20d8160 sp=0x00000077e83fe5f0
Event: 42.565 Thread 0x0000018eb9570090 DEOPT UNPACKING pc=0x0000018ea1a25882 sp=0x00000077e83fe588 mode 2
Event: 42.609 Thread 0x0000018eb9570090 Uncommon trap: trap_request=0xffffffcc fr.pc=0x0000018ea20decfc relative=0x00000000000003bc
Event: 42.609 Thread 0x0000018eb9570090 Uncommon trap: reason=intrinsic_or_type_checked_inlining action=make_not_entrant pc=0x0000018ea20decfc method=java.util.Arrays.copyOf([Ljava/lang/Object;ILjava/lang/Class;)[Ljava/lang/Object; @ 35 c2
Event: 42.609 Thread 0x0000018eb9570090 DEOPT PACKING pc=0x0000018ea20decfc sp=0x00000077e83fe770
Event: 42.609 Thread 0x0000018eb9570090 DEOPT UNPACKING pc=0x0000018ea1a25882 sp=0x00000077e83fe700 mode 2
Event: 42.769 Thread 0x0000018eb9570090 Uncommon trap: trap_request=0xffffff4d fr.pc=0x0000018ea20ea3e4 relative=0x0000000000000064
Event: 42.770 Thread 0x0000018eb9570090 Uncommon trap: reason=unstable_if action=reinterpret pc=0x0000018ea20ea3e4 method=java.io.ByteArrayOutputStream.ensureCapacity(I)V @ 11 c2
Event: 42.770 Thread 0x0000018eb9570090 DEOPT PACKING pc=0x0000018ea20ea3e4 sp=0x00000077e83fe970
Event: 42.770 Thread 0x0000018eb9570090 DEOPT UNPACKING pc=0x0000018ea1a25882 sp=0x00000077e83fe8f0 mode 2

Classes loaded (20 events):
Event: 42.715 Loading class jdk/jfr/internal/MetadataWriter
Event: 42.716 Loading class jdk/jfr/internal/MetadataWriter done
Event: 42.716 Loading class jdk/jfr/internal/MetadataDescriptor$Element
Event: 42.717 Loading class jdk/jfr/internal/MetadataDescriptor$Element done
Event: 42.718 Loading class jdk/jfr/internal/MetadataDescriptor$Attribute
Event: 42.718 Loading class jdk/jfr/internal/MetadataDescriptor$Attribute done
Event: 42.740 Loading class jdk/jfr/internal/consumer/StringParser$Encoding
Event: 42.742 Loading class jdk/jfr/internal/consumer/StringParser$Encoding done
Event: 42.778 Loading class jdk/jfr/internal/consumer/RepositoryFiles
Event: 42.780 Loading class jdk/jfr/internal/consumer/RepositoryFiles done
Event: 42.788 Loading class jdk/jfr/internal/SettingsManager$InternalSetting
Event: 42.789 Loading class jdk/jfr/internal/SettingsManager$InternalSetting done
Event: 42.795 Loading class jdk/jfr/internal/util/Rate
Event: 42.795 Loading class jdk/jfr/internal/util/Rate done
Event: 42.797 Loading class jdk/jfr/internal/util/TimespanUnit
Event: 42.798 Loading class jdk/jfr/internal/util/TimespanUnit done
Event: 42.800 Loading class jdk/jfr/internal/util/ValueParser
Event: 42.802 Loading class jdk/jfr/internal/util/ValueParser done
Event: 42.809 Loading class jdk/jfr/internal/periodic/PeriodicType
Event: 42.809 Loading class jdk/jfr/internal/periodic/PeriodicType done

Classes unloaded (0 events):
No events

Classes redefined (0 events):
No events

Internal exceptions (20 events):
Event: 0.904 Thread 0x0000018eff0da690 Exception <a 'java/lang/NoSuchMethodError'{0x00000005ab5e9b88}: 'java.lang.Object java.lang.invoke.DirectMethodHandle$Holder.invokeStatic(java.lang.Object, java.lang.Object, java.lang.Object, java.lang.Object, java.lang.Object, java.lang.Object, java.lang.Object, java.lang.Object, java.lang.Object)'> (0x00000005ab5e9b88) 
thrown [s\open\src\hotspot\share\interpreter\linkResolver.cpp, line 805]
Event: 0.908 Thread 0x0000018eff0da690 Exception <a 'java/lang/NoSuchMethodError'{0x00000005ab5fd038}: 'java.lang.Object java.lang.invoke.Invokers$Holder.invokeExact_MT(java.lang.Object, java.lang.Object, java.lang.Object, java.lang.Object, java.lang.Object, java.lang.Object)'> (0x00000005ab5fd038) 
thrown [s\open\src\hotspot\share\interpreter\linkResolver.cpp, line 805]
Event: 0.924 Thread 0x0000018eff0da690 Exception <a 'java/lang/NoSuchMethodError'{0x00000005ab608e18}: 'java.lang.Object java.lang.invoke.DirectMethodHandle$Holder.invokeInterface(java.lang.Object, java.lang.Object, java.lang.Object, java.lang.Object, java.lang.Object)'> (0x00000005ab608e18) 
thrown [s\open\src\hotspot\share\interpreter\linkResolver.cpp, line 805]
Event: 0.932 Thread 0x0000018eff0da690 Exception <a 'java/lang/NoSuchMethodError'{0x00000005ab653798}: 'double java.lang.invoke.DirectMethodHandle$Holder.invokeInterface(java.lang.Object, java.lang.Object)'> (0x00000005ab653798) 
thrown [s\open\src\hotspot\share\interpreter\linkResolver.cpp, line 805]
Event: 0.933 Thread 0x0000018eff0da690 Exception <a 'java/lang/NoSuchMethodError'{0x00000005ab664408}: 'double java.lang.invoke.DelegatingMethodHandle$Holder.reinvoke_L(java.lang.Object, java.lang.Object)'> (0x00000005ab664408) 
thrown [s\open\src\hotspot\share\interpreter\linkResolver.cpp, line 805]
Event: 1.531 Thread 0x0000018eff0da690 Exception <a 'java/lang/NoSuchMethodError'{0x00000005ab68bf90}: 'long java.lang.invoke.DirectMethodHandle$Holder.invokeVirtual(java.lang.Object, java.lang.Object)'> (0x00000005ab68bf90) 
thrown [s\open\src\hotspot\share\interpreter\linkResolver.cpp, line 805]
Event: 1.532 Thread 0x0000018eff0da690 Exception <a 'java/lang/NoSuchMethodError'{0x00000005ab694280}: 'java.lang.Object java.lang.invoke.DirectMethodHandle$Holder.invokeStatic(java.lang.Object, long)'> (0x00000005ab694280) 
thrown [s\open\src\hotspot\share\interpreter\linkResolver.cpp, line 805]
Event: 1.534 Thread 0x0000018eff0da690 Exception <a 'java/lang/NoSuchMethodError'{0x00000005ab6a4328}: 'long java.lang.invoke.DelegatingMethodHandle$Holder.reinvoke_L(java.lang.Object, java.lang.Object)'> (0x00000005ab6a4328) 
thrown [s\open\src\hotspot\share\interpreter\linkResolver.cpp, line 805]
Event: 42.195 Thread 0x0000018eb9570090 Implicit null exception at 0x0000018ea207cdb9 to 0x0000018ea207d794
Event: 42.196 Thread 0x0000018eb9570090 Implicit null exception at 0x0000018ea2079e9d to 0x0000018ea2079f19
Event: 42.218 Thread 0x0000018eb9570090 Exception <a 'java/lang/NoSuchMethodError'{0x00000005ab7ee218}: 'void java.lang.invoke.DirectMethodHandle$Holder.invokeStaticInit(java.lang.Object)'> (0x00000005ab7ee218) 
thrown [s\open\src\hotspot\share\interpreter\linkResolver.cpp, line 805]
Event: 42.236 Thread 0x0000018eb9570090 Exception <a 'java/lang/NoSuchMethodError'{0x00000005aa84efc8}: 'java.lang.Object java.lang.invoke.DirectMethodHandle$Holder.newInvokeSpecial(java.lang.Object, java.lang.Object, java.lang.Object, java.lang.Object, java.lang.Object)'> (0x00000005aa84efc8) 
thrown [s\open\src\hotspot\share\interpreter\linkResolver.cpp, line 805]
Event: 42.354 Thread 0x0000018eb9570090 Exception <a 'java/lang/NoSuchMethodError'{0x00000005aa9e74c0}: 'int java.lang.invoke.DirectMethodHandle$Holder.invokeStatic(java.lang.Object, java.lang.Object, java.lang.Object, java.lang.Object)'> (0x00000005aa9e74c0) 
thrown [s\open\src\hotspot\share\interpreter\linkResolver.cpp, line 805]
Event: 42.673 Thread 0x0000018eb9570090 Exception <a 'java/lang/NoSuchMethodError'{0x00000005aa0d6cd0}: 'void java.lang.invoke.DirectMethodHandle$Holder.invokeSpecial(java.lang.Object, java.lang.Object, int)'> (0x00000005aa0d6cd0) 
thrown [s\open\src\hotspot\share\interpreter\linkResolver.cpp, line 805]
Event: 42.673 Thread 0x0000018eb9570090 Exception <a 'java/lang/NoSuchMethodError'{0x00000005aa0de8f0}: 'void java.lang.invoke.Invokers$Holder.invokeExact_MT(java.lang.Object, int, java.lang.Object)'> (0x00000005aa0de8f0) 
thrown [s\open\src\hotspot\share\interpreter\linkResolver.cpp, line 805]
Event: 42.680 Thread 0x0000018eb9570090 Exception <a 'java/lang/NoSuchMethodError'{0x00000005aa0fc690}: 'void java.lang.invoke.DirectMethodHandle$Holder.invokeStatic(java.lang.Object, java.lang.Object, int)'> (0x00000005aa0fc690) 
thrown [s\open\src\hotspot\share\interpreter\linkResolver.cpp, line 805]
Event: 42.681 Thread 0x0000018eb9570090 Exception <a 'java/lang/NoSuchMethodError'{0x00000005aa10b598}: 'java.lang.Object java.lang.invoke.DirectMethodHandle$Holder.newInvokeSpecial(java.lang.Object, java.lang.Object, int)'> (0x00000005aa10b598) 
thrown [s\open\src\hotspot\share\interpreter\linkResolver.cpp, line 805]
Event: 42.694 Thread 0x0000018eb9570090 Exception <a 'sun/nio/fs/WindowsException'{0x00000005aa13f738}> (0x00000005aa13f738) 
thrown [s\open\src\hotspot\share\prims\jni.cpp, line 518]
Event: 42.699 Thread 0x0000018eb9570090 Exception <a 'sun/nio/fs/WindowsException'{0x00000005aa14c540}> (0x00000005aa14c540) 
thrown [s\open\src\hotspot\share\prims\jni.cpp, line 518]
Event: 42.707 Thread 0x0000018eb9570090 Exception <a 'sun/nio/fs/WindowsException'{0x00000005aa15e308}> (0x00000005aa15e308) 
thrown [s\open\src\hotspot\share\prims\jni.cpp, line 518]

VM Operations (12 events):
Event: 0.222 Executing VM operation: HandshakeAllThreads (Deoptimize)
Event: 0.222 Executing VM operation: HandshakeAllThreads (Deoptimize) done
Event: 0.654 Executing VM operation: HandshakeAllThreads (Deoptimize)
Event: 0.654 Executing VM operation: HandshakeAllThreads (Deoptimize) done
Event: 0.750 Executing VM operation: HandshakeAllThreads (Deoptimize)
Event: 0.750 Executing VM operation: HandshakeAllThreads (Deoptimize) done
Event: 0.859 Executing VM operation: HandshakeAllThreads (Deoptimize)
Event: 0.859 Executing VM operation: HandshakeAllThreads (Deoptimize) done
Event: 42.684 Executing VM operation: HandshakeAllThreads (Deoptimize)
Event: 42.684 Executing VM operation: HandshakeAllThreads (Deoptimize) done
Event: 42.782 Executing VM operation: JFRSafepointClear
Event: 42.782 Executing VM operation: JFRSafepointClear done

Memory protections (0 events):
No events

Nmethod flushes (0 events):
No events

Events (20 events):
Event: 0.845 Thread 0x0000018eff0da690 Thread added: 0x0000018eff0dff80
Event: 0.856 Thread 0x0000018eff0da690 Thread added: 0x0000018eff0eda50
Event: 1.521 Thread 0x0000018eff3d4eb0 Thread exited: 0x0000018eff3d4eb0
Event: 1.521 Thread 0x0000018eff576bf0 Thread exited: 0x0000018eff576bf0
Event: 1.792 Thread 0x0000018eff5afbb0 Thread exited: 0x0000018eff5afbb0
Event: 1.793 Thread 0x0000018eb97cba10 Thread exited: 0x0000018eb97cba10
Event: 1.793 Thread 0x0000018eb96aa410 Thread exited: 0x0000018eb96aa410
Event: 9.077 Thread 0x0000018eb967d340 Thread exited: 0x0000018eb967d340
Event: 10.086 Thread 0x0000018eb967cbb0 Thread exited: 0x0000018eb967cbb0
Event: 42.166 Thread 0x0000018eb89982c0 Thread added: 0x0000018eb967e780
Event: 42.166 Thread 0x0000018eb89982c0 Thread added: 0x0000018eb967fe30
Event: 42.213 Thread 0x0000018eb9570090 Thread added: 0x0000018eb974aa70
Event: 42.225 Thread 0x0000018eb89982c0 Thread added: 0x0000018eb967ef10
Event: 42.225 Thread 0x0000018eb89982c0 Thread added: 0x0000018eb96805c0
Event: 42.351 Thread 0x0000018eb96805c0 Thread added: 0x0000018eb96814e0
Event: 42.419 Thread 0x0000018eb967ef10 Thread added: 0x0000018eb9681c70
Event: 42.420 Thread 0x0000018eb967ef10 Thread added: 0x0000018eb9680d50
Event: 42.421 Thread 0x0000018eb967ef10 Thread added: 0x0000018e80154040
Event: 42.421 Thread 0x0000018eb96805c0 Thread added: 0x0000018e80156610
Event: 42.682 Thread 0x0000018eb9570090 Thread added: 0x0000018eb974a320


Dynamic libraries:
0x00007ff7fc480000 - 0x00007ff7fc48e000 	C:\Users\ASUS\.jdks\openjdk-24\bin\java.exe
0x00007fffd53a0000 - 0x00007fffd5609000 	C:\Windows\SYSTEM32\ntdll.dll
0x00007fffd3bf0000 - 0x00007fffd3cb9000 	C:\Windows\System32\KERNEL32.DLL
0x00007fffd2680000 - 0x00007fffd2a73000 	C:\Windows\System32\KERNELBASE.dll
0x00007fffd2530000 - 0x00007fffd267b000 	C:\Windows\System32\ucrtbase.dll
0x00007fffbc150000 - 0x00007fffbc166000 	C:\Users\ASUS\.jdks\openjdk-24\bin\jli.dll
0x00007fffbbf20000 - 0x00007fffbbf3b000 	C:\Users\ASUS\.jdks\openjdk-24\bin\VCRUNTIME140.dll
0x00007fffd4570000 - 0x00007fffd4734000 	C:\Windows\System32\USER32.dll
0x00007fffb5aa0000 - 0x00007fffb5d33000 	C:\Windows\WinSxS\amd64_microsoft.windows.common-controls_6595b64144ccf1df_6.0.26100.5074_none_3e0d6f78e32fd63f\COMCTL32.dll
0x00007fffd3140000 - 0x00007fffd3167000 	C:\Windows\System32\win32u.dll
0x00007fffd4030000 - 0x00007fffd40d9000 	C:\Windows\System32\msvcrt.dll
0x00007fffd3210000 - 0x00007fffd323b000 	C:\Windows\System32\GDI32.dll
0x00007fffd2e90000 - 0x00007fffd2fbd000 	C:\Windows\System32\gdi32full.dll
0x00007fffd2a80000 - 0x00007fffd2b23000 	C:\Windows\System32\msvcp_win.dll
0x00007fffd3af0000 - 0x00007fffd3b1f000 	C:\Windows\System32\IMM32.DLL
0x00007fffc7460000 - 0x00007fffc746c000 	C:\Users\ASUS\.jdks\openjdk-24\bin\vcruntime140_1.dll
0x00007fff33530000 - 0x00007fff335be000 	C:\Users\ASUS\.jdks\openjdk-24\bin\msvcp140.dll
0x00007fff14140000 - 0x00007fff14ee2000 	C:\Users\ASUS\.jdks\openjdk-24\bin\server\jvm.dll
0x00007fffd3250000 - 0x00007fffd3304000 	C:\Windows\System32\ADVAPI32.dll
0x00007fffd3f80000 - 0x00007fffd4026000 	C:\Windows\System32\sechost.dll
0x00007fffd3e60000 - 0x00007fffd3f78000 	C:\Windows\System32\RPCRT4.dll
0x00007fffd3170000 - 0x00007fffd31e4000 	C:\Windows\System32\WS2_32.dll
0x00007fffd23b0000 - 0x00007fffd240e000 	C:\Windows\SYSTEM32\POWRPROF.dll
0x00007fffc3c50000 - 0x00007fffc3c85000 	C:\Windows\SYSTEM32\WINMM.dll
0x00007fffc5db0000 - 0x00007fffc5dbb000 	C:\Windows\SYSTEM32\VERSION.dll
0x00007fffd2390000 - 0x00007fffd23a4000 	C:\Windows\SYSTEM32\UMPDC.dll
0x00007fffd12d0000 - 0x00007fffd12eb000 	C:\Windows\SYSTEM32\kernel.appcore.dll
0x00007fffbaa90000 - 0x00007fffbaa9a000 	C:\Users\ASUS\.jdks\openjdk-24\bin\jimage.dll
0x00007fffcfc70000 - 0x00007fffcfeb2000 	C:\Windows\SYSTEM32\DBGHELP.DLL
0x00007fffd33b0000 - 0x00007fffd372b000 	C:\Windows\System32\combase.dll
0x00007fffd51f0000 - 0x00007fffd52c7000 	C:\Windows\System32\OLEAUT32.dll
0x00007fffa83d0000 - 0x00007fffa840d000 	C:\Windows\SYSTEM32\dbgcore.DLL
0x00007fffd2b30000 - 0x00007fffd2bc9000 	C:\Windows\System32\bcryptPrimitives.dll
0x00007fffbaa80000 - 0x00007fffbaa8f000 	C:\Users\ASUS\.jdks\openjdk-24\bin\instrument.dll
0x00007fffb78c0000 - 0x00007fffb78de000 	C:\Users\ASUS\.jdks\openjdk-24\bin\java.dll
0x00007fffd3cc0000 - 0x00007fffd3e58000 	C:\Windows\System32\ole32.dll
0x00007fffd47b0000 - 0x00007fffd4efd000 	C:\Windows\System32\SHELL32.dll
0x00007fffd2c60000 - 0x00007fffd2dcc000 	C:\Windows\System32\wintypes.dll
0x00007fffd0150000 - 0x00007fffd09a9000 	C:\Windows\SYSTEM32\windows.storage.dll
0x00007fffd50f0000 - 0x00007fffd51e0000 	C:\Windows\System32\SHCORE.dll
0x00007fffd4f00000 - 0x00007fffd4f62000 	C:\Windows\System32\shlwapi.dll
0x00007fffd2450000 - 0x00007fffd2479000 	C:\Windows\SYSTEM32\profapi.dll
0x00007fff31330000 - 0x00007fff31407000 	C:\Users\ASUS\.jdks\openjdk-24\bin\jsvml.dll
0x00007fffb7640000 - 0x00007fffb7657000 	C:\Users\ASUS\.jdks\openjdk-24\bin\zip.dll
0x00007fffb7920000 - 0x00007fffb7930000 	C:\Users\ASUS\.jdks\openjdk-24\bin\net.dll
0x00007fffd1830000 - 0x00007fffd189b000 	C:\Windows\system32\mswsock.dll
0x00007fffb77e0000 - 0x00007fffb77f6000 	C:\Users\ASUS\.jdks\openjdk-24\bin\nio.dll
0x00007fffb7620000 - 0x00007fffb7629000 	C:\Users\ASUS\.jdks\openjdk-24\bin\extnet.dll
0x00007fffd0e60000 - 0x00007fffd0f86000 	C:\Windows\SYSTEM32\DNSAPI.dll
0x00007fffd0e20000 - 0x00007fffd0e54000 	C:\Windows\SYSTEM32\IPHLPAPI.DLL
0x00007fffd31f0000 - 0x00007fffd31fa000 	C:\Windows\System32\NSI.dll
0x00007fffc8340000 - 0x00007fffc834b000 	C:\Windows\System32\rasadhlp.dll
0x00007fffca1b0000 - 0x00007fffca236000 	C:\Windows\System32\fwpuclnt.dll
0x00007fffae690000 - 0x00007fffae69a000 	C:\Users\ASUS\.jdks\openjdk-24\bin\management.dll
0x00007fffae680000 - 0x00007fffae68b000 	C:\Users\ASUS\.jdks\openjdk-24\bin\management_ext.dll
0x00007fffd3240000 - 0x00007fffd3248000 	C:\Windows\System32\PSAPI.DLL
0x00007fffd1c00000 - 0x00007fffd1c1b000 	C:\Windows\SYSTEM32\CRYPTSP.dll
0x00007fffd1230000 - 0x00007fffd126b000 	C:\Windows\system32\rsaenh.dll
0x00007fffd18d0000 - 0x00007fffd18fb000 	C:\Windows\SYSTEM32\USERENV.dll
0x00007fffd2420000 - 0x00007fffd2446000 	C:\Windows\SYSTEM32\bcrypt.dll
0x00007fffd1a60000 - 0x00007fffd1a6c000 	C:\Windows\SYSTEM32\CRYPTBASE.dll
0x00007fff9bad0000 - 0x00007fff9bae8000 	C:\Windows\system32\napinsp.dll
0x00007fff9bd10000 - 0x00007fff9bd22000 	C:\Windows\System32\winrnr.dll
0x00007fff9bce0000 - 0x00007fff9bd08000 	C:\Windows\system32\nlansp_c.dll
0x00007fffc59e0000 - 0x00007fffc59f6000 	C:\Windows\system32\wshbth.dll
0x00007fff20f80000 - 0x00007fff2118e000 	C:\Users\ASUS\AppData\Local\Temp\idea_libasyncProfiler_dll_temp_folder\libasyncProfiler.dll
0x00007fffb9fd0000 - 0x00007fffba026000 	C:\Windows\SYSTEM32\pdh.dll

dbghelp: loaded successfully - version: 4.0.5 - missing functions: none
symbol engine: initialized successfully - sym options: 0x614 - pdb path: .;C:\Users\ASUS\.jdks\openjdk-24\bin;C:\Windows\SYSTEM32;C:\Windows\WinSxS\amd64_microsoft.windows.common-controls_6595b64144ccf1df_6.0.26100.5074_none_3e0d6f78e32fd63f;C:\Users\ASUS\.jdks\openjdk-24\bin\server;C:\Users\ASUS\AppData\Local\Temp\idea_libasyncProfiler_dll_temp_folder

VM Arguments:
jvm_args: -javaagent:C:\Users\ASUS\AppData\Local\JetBrains\IntelliJ IDEA 2024.3.5\lib\idea_rt.jar=63913 -Dfile.encoding=UTF-8 -Dsun.stdout.encoding=UTF-8 -Dsun.stderr.encoding=UTF-8 
java_command: app.Main
java_class_path (initial): C:\Users\ASUS\IdeaProjects\AlmacenamientoInf\out\production\AlmacenamientoInf
Launcher Type: SUN_STANDARD

[Global flags]
     intx CICompilerCount                          = 12                                        {product} {ergonomic}
     uint ConcGCThreads                            = 3                                         {product} {ergonomic}
     bool FlightRecorder                           = true                                      {product} {management}
     uint G1ConcRefinementThreads                  = 13                                        {product} {ergonomic}
   size_t G1HeapRegionSize                         = 8388608                                   {product} {ergonomic}
   size_t InitialHeapSize                          = 671088640                                 {product} {ergonomic}
   size_t MarkStackSize                            = 4194304                                   {product} {ergonomic}
   size_t MarkStackSizeMax                         = 536870912                                 {product} {ergonomic}
   size_t MaxHeapSize                              = 10661920768                               {product} {ergonomic}
   size_t MaxNewSize                               = 6392119296                                {product} {ergonomic}
   size_t MinHeapDeltaBytes                        = 8388608                                   {product} {ergonomic}
   size_t MinHeapSize                              = 8388608                                   {product} {ergonomic}
    uintx NonNMethodCodeHeapSize                   = 7602176                                {pd product} {ergonomic}
    uintx NonProfiledCodeHeapSize                  = 122093568                              {pd product} {ergonomic}
    uintx ProfiledCodeHeapSize                     = 121962496                              {pd product} {ergonomic}
    uintx ReservedCodeCacheSize                    = 251658240                              {pd product} {ergonomic}
     bool SegmentedCodeCache                       = true                                      {product} {ergonomic}
   size_t SoftMaxHeapSize                          = 10661920768                            {manageable} {ergonomic}
     bool UseCompressedOops                        = true                           {product lp64_product} {ergonomic}
     bool UseG1GC                                  = true                                      {product} {ergonomic}
     bool UseLargePagesIndividualAllocation        = false                                  {pd product} {ergonomic}

Logging:
Log output configuration:
 #0: stdout all=warning uptime,level,tags foldmultilines=false
 #1: stderr all=off uptime,level,tags foldmultilines=false

Environment Variables:
PATH=C:\Program Files (x86)\Common Files\Oracle\Java\java8path;C:\Program Files (x86)\Common Files\Oracle\Java\javapath;C:\ProgramData\Oracle\Java\javapath;C:\Windows\system32;C:\Windows;C:\Windows\System32\Wbem;C:\Windows\System32\WindowsPowerShell\v1.0\;C:\Windows\System32\OpenSSH\;C:\Program Files\dotnet\;C:\Program Files\Git\cmd;C:\Users\ASUS\AppData\Local\Programs\Python\Launcher\;C:\Users\ASUS\AppData\Local\Microsoft\WindowsApps;C:\Users\ASUS\AppData\Local\Programs\Microsoft VS Code\bin;C:\Users\ASUS\AppData\Local\GitHubDesktop\bin
USERNAME=ASUS
OS=Windows_NT
PROCESSOR_IDENTIFIER=Intel64 Family 6 Model 154 Stepping 3, GenuineIntel
TMP=C:\Users\ASUS\AppData\Local\Temp
TEMP=C:\Users\ASUS\AppData\Local\Temp




Periodic native trim disabled

---------------  S Y S T E M  ---------------

OS:
 Windows 11 , 64 bit Build 26100 (10.0.26100.5074)
OS uptime: 6 days 1:35 hours
Hyper-V role detected

CPU: total 16 (initial active 16) (8 cores per cpu, 2 threads per core) family 6 model 154 stepping 3 microcode 0x432, cx8, cmov, fxsr, ht, mmx, 3dnowpref, sse, sse2, sse3, ssse3, sse4.1, sse4.2, popcnt, lzcnt, tsc, tscinvbit, avx, avx2, aes, erms, clmul, bmi1, bmi2, adx, sha, fma, vzeroupper, clflush, clflushopt, clwb, hv, serialize, rdtscp, rdpid, fsrm, gfni, f16c, cet_ibt, cet_ss
Processor Information for processor 0
  Max Mhz: 2500, Current Mhz: 2500, Mhz Limit: 2500
Processor Information for processor 1
  Max Mhz: 2500, Current Mhz: 2500, Mhz Limit: 2500
Processor Information for processor 2
  Max Mhz: 2500, Current Mhz: 2500, Mhz Limit: 2500
Processor Information for processor 3
  Max Mhz: 2500, Current Mhz: 2500, Mhz Limit: 2500
Processor Information for processor 4
  Max Mhz: 2500, Current Mhz: 2500, Mhz Limit: 2500
Processor Information for processor 5
  Max Mhz: 2500, Current Mhz: 2500, Mhz Limit: 2500
Processor Information for processor 6
  Max Mhz: 2500, Current Mhz: 1532, Mhz Limit: 2500
Processor Information for processor 7
  Max Mhz: 2500, Current Mhz: 2500, Mhz Limit: 2500
Processor Information for processor 8
  Max Mhz: 2500, Current Mhz: 1800, Mhz Limit: 1800
Processor Information for processor 9
  Max Mhz: 2500, Current Mhz: 1500, Mhz Limit: 1800
Processor Information for processor 10
  Max Mhz: 2500, Current Mhz: 1500, Mhz Limit: 1800
Processor Information for processor 11
  Max Mhz: 2500, Current Mhz: 1500, Mhz Limit: 1800
Processor Information for processor 12
  Max Mhz: 2500, Current Mhz: 1500, Mhz Limit: 1800
Processor Information for processor 13
  Max Mhz: 2500, Current Mhz: 1500, Mhz Limit: 1800
Processor Information for processor 14
  Max Mhz: 2500, Current Mhz: 1500, Mhz Limit: 1800
Processor Information for processor 15
  Max Mhz: 2500, Current Mhz: 1500, Mhz Limit: 1800

Memory: 4k page, system-wide physical 40653M (20481M free)
TotalPageFile size 43213M (AvailPageFile size 21823M)
current process WorkingSet (physical memory assigned to process): 125M, peak: 125M
current process commit charge ("private bytes"): 829M, peak: 830M

vm_info: OpenJDK 64-Bit Server VM (24+36-3646) for windows-amd64 JRE (24+36-3646), built on 2025-02-06T00:20:43Z with MS VC++ 17.6 (VS2022)

END.
